vlib/v/checker/tests/array_filter_fn_err_a.v:5:23: error: function needs exactly 1 argument
    3 | }
    4 | fn main() {
    5 |     a := [1,2,3,4].filter(fil)
      |                          ~~~~~
    6 |     println(a)
    7 | }
