vlib/v/checker/tests/fn_attributes_empty_err.v:1:1: error: attributes cannot be empty
    1 | [] fn tt() {
      | ~~
    2 |     println('text')
    3 | }
