vlib/v/checker/tests/multiple_fn_attributes.v:1:1: error: multiple attributes detected
    1 | [inline;deprecated]
      | ~~~~~~~~~~~~~~~~~~~
    2 | fn foo(name string) string {}
